Archive member included because of file (symbol)

/Users/may-marcus/Documents/workspaces/ws_arduino/Arduino_Mac_Template/lib/arduino/libcore.a(wiring.c.o)
                              ./main.o (delay)
/Users/may-marcus/Documents/workspaces/ws_arduino/Arduino_Mac_Template/lib/arduino/libcore.a(wiring_digital.c.o)
                              ./main.o (pinMode)
/Users/may-marcus/Documents/workspaces/ws_arduino/Arduino_Mac_Template/lib/arduino/libcore.a(pins_arduino.c.o)
                              /Users/may-marcus/Documents/workspaces/ws_arduino/Arduino_Mac_Template/lib/arduino/libcore.a(wiring_digital.c.o) (port_to_mode_PGM)
/usr/local/CrossPack-AVR-20100115/lib/gcc/avr/4.3.3/avr5/libgcc.a(_exit.o)
                              /usr/local/CrossPack-AVR-20100115/lib/gcc/avr/4.3.3/../../../../avr/lib/avr5/crtm168.o (exit)
/usr/local/CrossPack-AVR-20100115/lib/gcc/avr/4.3.3/avr5/libgcc.a(_copy_data.o)
                              ./main.o (__do_copy_data)
/usr/local/CrossPack-AVR-20100115/lib/gcc/avr/4.3.3/avr5/libgcc.a(_clear_bss.o)
                              /Users/may-marcus/Documents/workspaces/ws_arduino/Arduino_Mac_Template/lib/arduino/libcore.a(wiring.c.o) (__do_clear_bss)

Memory Configuration

Name             Origin             Length             Attributes
text             0x00000000         0x00020000         xr
data             0x00800060         0x0000ffa0         rw !x
eeprom           0x00810000         0x00010000         rw !x
fuse             0x00820000         0x00000400         rw !x
lock             0x00830000         0x00000400         rw !x
signature        0x00840000         0x00000400         rw !x
*default*        0x00000000         0xffffffff

Linker script and memory map

Address of section .data set to 0x800100
LOAD /usr/local/CrossPack-AVR-20100115/lib/gcc/avr/4.3.3/../../../../avr/lib/avr5/crtm168.o
LOAD ./main.o
LOAD /Users/may-marcus/Documents/workspaces/ws_arduino/Arduino_Mac_Template/lib/arduino/libcore.a
LOAD /usr/local/CrossPack-AVR-20100115/lib/gcc/avr/4.3.3/avr5/libgcc.a
LOAD /usr/local/CrossPack-AVR-20100115/lib/gcc/avr/4.3.3/../../../../avr/lib/avr5/libm.a
LOAD /usr/local/CrossPack-AVR-20100115/lib/gcc/avr/4.3.3/avr5/libgcc.a
LOAD /usr/local/CrossPack-AVR-20100115/lib/gcc/avr/4.3.3/../../../../avr/lib/avr5/libc.a
LOAD /usr/local/CrossPack-AVR-20100115/lib/gcc/avr/4.3.3/avr5/libgcc.a

.hash
 *(.hash)

.dynsym
 *(.dynsym)

.dynstr
 *(.dynstr)

.gnu.version
 *(.gnu.version)

.gnu.version_d
 *(.gnu.version_d)

.gnu.version_r
 *(.gnu.version_r)

.rel.init
 *(.rel.init)

.rela.init
 *(.rela.init)

.rel.text
 *(.rel.text)
 *(.rel.text.*)
 *(.rel.gnu.linkonce.t*)

.rela.text
 *(.rela.text)
 *(.rela.text.*)
 *(.rela.gnu.linkonce.t*)

.rel.fini
 *(.rel.fini)

.rela.fini
 *(.rela.fini)

.rel.rodata
 *(.rel.rodata)
 *(.rel.rodata.*)
 *(.rel.gnu.linkonce.r*)

.rela.rodata
 *(.rela.rodata)
 *(.rela.rodata.*)
 *(.rela.gnu.linkonce.r*)

.rel.data
 *(.rel.data)
 *(.rel.data.*)
 *(.rel.gnu.linkonce.d*)

.rela.data
 *(.rela.data)
 *(.rela.data.*)
 *(.rela.gnu.linkonce.d*)

.rel.ctors
 *(.rel.ctors)

.rela.ctors
 *(.rela.ctors)

.rel.dtors
 *(.rel.dtors)

.rela.dtors
 *(.rela.dtors)

.rel.got
 *(.rel.got)

.rela.got
 *(.rela.got)

.rel.bss
 *(.rel.bss)

.rela.bss
 *(.rela.bss)

.rel.plt
 *(.rel.plt)

.rela.plt
 *(.rela.plt)

.text           0x00000000      0x4d2
 *(.vectors)
 .vectors       0x00000000       0x68 /usr/local/CrossPack-AVR-20100115/lib/gcc/avr/4.3.3/../../../../avr/lib/avr5/crtm168.o
                0x00000000                __vectors
                0x00000000                __vector_default
 *(.vectors)
 *(.progmem.gcc*)
 *(.progmem*)
 .progmem.data  0x00000068       0x5a /Users/may-marcus/Documents/workspaces/ws_arduino/Arduino_Mac_Template/lib/arduino/libcore.a(pins_arduino.c.o)
                0x00000068                port_to_mode_PGM
                0x00000086                digital_pin_to_port_PGM
                0x0000009a                digital_pin_to_bit_mask_PGM
                0x00000072                port_to_output_PGM
                0x0000007c                port_to_input_PGM
                0x000000ae                digital_pin_to_timer_PGM
                0x000000c2                . = ALIGN (0x2)
                0x000000c2                __trampolines_start = .
 *(.trampolines)
 .trampolines   0x000000c2        0x0 linker stubs
 *(.trampolines*)
                0x000000c2                __trampolines_end = .
 *(.jumptables)
 *(.jumptables*)
 *(.lowtext)
 *(.lowtext*)
                0x000000c2                __ctors_start = .
 *(.ctors)
                0x000000c2                __ctors_end = .
                0x000000c2                __dtors_start = .
 *(.dtors)
                0x000000c2                __dtors_end = .
 SORT(*)(.ctors)
 SORT(*)(.dtors)
 *(.init0)
 .init0         0x000000c2        0x0 /usr/local/CrossPack-AVR-20100115/lib/gcc/avr/4.3.3/../../../../avr/lib/avr5/crtm168.o
                0x000000c2                __init
 *(.init0)
 *(.init1)
 *(.init1)
 *(.init2)
 .init2         0x000000c2        0xc /usr/local/CrossPack-AVR-20100115/lib/gcc/avr/4.3.3/../../../../avr/lib/avr5/crtm168.o
 *(.init2)
 *(.init3)
 *(.init3)
 *(.init4)
 .init4         0x000000ce       0x16 /usr/local/CrossPack-AVR-20100115/lib/gcc/avr/4.3.3/avr5/libgcc.a(_copy_data.o)
                0x000000ce                __do_copy_data
 .init4         0x000000e4       0x10 /usr/local/CrossPack-AVR-20100115/lib/gcc/avr/4.3.3/avr5/libgcc.a(_clear_bss.o)
                0x000000e4                __do_clear_bss
 *(.init4)
 *(.init5)
 *(.init5)
 *(.init6)
 *(.init6)
 *(.init7)
 *(.init7)
 *(.init8)
 *(.init8)
 *(.init9)
 .init9         0x000000f4        0x8 /usr/local/CrossPack-AVR-20100115/lib/gcc/avr/4.3.3/../../../../avr/lib/avr5/crtm168.o
 *(.init9)
 *(.text)
 .text          0x000000fc        0x4 /usr/local/CrossPack-AVR-20100115/lib/gcc/avr/4.3.3/../../../../avr/lib/avr5/crtm168.o
                0x000000fc                __vector_22
                0x000000fc                __vector_1
                0x000000fc                __vector_24
                0x000000fc                __vector_12
                0x000000fc                __bad_interrupt
                0x000000fc                __vector_6
                0x000000fc                __vector_3
                0x000000fc                __vector_23
                0x000000fc                __vector_25
                0x000000fc                __vector_11
                0x000000fc                __vector_13
                0x000000fc                __vector_17
                0x000000fc                __vector_19
                0x000000fc                __vector_7
                0x000000fc                __vector_5
                0x000000fc                __vector_4
                0x000000fc                __vector_9
                0x000000fc                __vector_2
                0x000000fc                __vector_21
                0x000000fc                __vector_15
                0x000000fc                __vector_8
                0x000000fc                __vector_14
                0x000000fc                __vector_10
                0x000000fc                __vector_18
                0x000000fc                __vector_20
 .text          0x00000100       0x82 ./main.o
                0x0000010e                loop
                0x00000100                __cxa_pure_virtual
                0x0000016c                main
                0x00000150                setup
 .text          0x00000182        0x0 /Users/may-marcus/Documents/workspaces/ws_arduino/Arduino_Mac_Template/lib/arduino/libcore.a(wiring.c.o)
 .text          0x00000182        0x0 /Users/may-marcus/Documents/workspaces/ws_arduino/Arduino_Mac_Template/lib/arduino/libcore.a(wiring_digital.c.o)
 .text          0x00000182        0x0 /Users/may-marcus/Documents/workspaces/ws_arduino/Arduino_Mac_Template/lib/arduino/libcore.a(pins_arduino.c.o)
 .text          0x00000182        0x0 /usr/local/CrossPack-AVR-20100115/lib/gcc/avr/4.3.3/avr5/libgcc.a(_exit.o)
 .text          0x00000182        0x0 /usr/local/CrossPack-AVR-20100115/lib/gcc/avr/4.3.3/avr5/libgcc.a(_copy_data.o)
 .text          0x00000182        0x0 /usr/local/CrossPack-AVR-20100115/lib/gcc/avr/4.3.3/avr5/libgcc.a(_clear_bss.o)
                0x00000182                . = ALIGN (0x2)
 *(.text.*)
 .text.__vector_16
                0x00000182       0x90 /Users/may-marcus/Documents/workspaces/ws_arduino/Arduino_Mac_Template/lib/arduino/libcore.a(wiring.c.o)
                0x00000182                __vector_16
 .text.millis   0x00000212       0x1c /Users/may-marcus/Documents/workspaces/ws_arduino/Arduino_Mac_Template/lib/arduino/libcore.a(wiring.c.o)
                0x00000212                millis
 .text.micros   0x0000022e       0x4c /Users/may-marcus/Documents/workspaces/ws_arduino/Arduino_Mac_Template/lib/arduino/libcore.a(wiring.c.o)
                0x0000022e                micros
 .text.delay    0x0000027a       0x54 /Users/may-marcus/Documents/workspaces/ws_arduino/Arduino_Mac_Template/lib/arduino/libcore.a(wiring.c.o)
                0x0000027a                delay
 .text.delayMicroseconds
                0x000002ce       0x14 /Users/may-marcus/Documents/workspaces/ws_arduino/Arduino_Mac_Template/lib/arduino/libcore.a(wiring.c.o)
                0x000002ce                delayMicroseconds
 .text.init     0x000002e2       0x74 /Users/may-marcus/Documents/workspaces/ws_arduino/Arduino_Mac_Template/lib/arduino/libcore.a(wiring.c.o)
                0x000002e2                init
 .text.pinMode  0x00000356       0x40 /Users/may-marcus/Documents/workspaces/ws_arduino/Arduino_Mac_Template/lib/arduino/libcore.a(wiring_digital.c.o)
                0x00000356                pinMode
 .text.digitalWrite
                0x00000396       0x9a /Users/may-marcus/Documents/workspaces/ws_arduino/Arduino_Mac_Template/lib/arduino/libcore.a(wiring_digital.c.o)
                0x00000396                digitalWrite
 .text.digitalRead
                0x00000430       0x9e /Users/may-marcus/Documents/workspaces/ws_arduino/Arduino_Mac_Template/lib/arduino/libcore.a(wiring_digital.c.o)
                0x00000430                digitalRead
 .text.libgcc   0x000004ce        0x0 /usr/local/CrossPack-AVR-20100115/lib/gcc/avr/4.3.3/avr5/libgcc.a(_exit.o)
 .text.libgcc   0x000004ce        0x0 /usr/local/CrossPack-AVR-20100115/lib/gcc/avr/4.3.3/avr5/libgcc.a(_copy_data.o)
 .text.libgcc   0x000004ce        0x0 /usr/local/CrossPack-AVR-20100115/lib/gcc/avr/4.3.3/avr5/libgcc.a(_clear_bss.o)
                0x000004ce                . = ALIGN (0x2)
 *(.fini9)
 .fini9         0x000004ce        0x0 /usr/local/CrossPack-AVR-20100115/lib/gcc/avr/4.3.3/avr5/libgcc.a(_exit.o)
                0x000004ce                exit
                0x000004ce                _exit
 *(.fini9)
 *(.fini8)
 *(.fini8)
 *(.fini7)
 *(.fini7)
 *(.fini6)
 *(.fini6)
 *(.fini5)
 *(.fini5)
 *(.fini4)
 *(.fini4)
 *(.fini3)
 *(.fini3)
 *(.fini2)
 *(.fini2)
 *(.fini1)
 *(.fini1)
 *(.fini0)
 .fini0         0x000004ce        0x4 /usr/local/CrossPack-AVR-20100115/lib/gcc/avr/4.3.3/avr5/libgcc.a(_exit.o)
 *(.fini0)
                0x000004d2                _etext = .

.data           0x00800100        0x2 load address 0x000004d2
                0x00800100                PROVIDE (__data_start, .)
 *(.data)
 .data          0x00800100        0x0 /usr/local/CrossPack-AVR-20100115/lib/gcc/avr/4.3.3/../../../../avr/lib/avr5/crtm168.o
 .data          0x00800100        0x2 ./main.o
                0x00800100                ledPin
 .data          0x00800102        0x0 /Users/may-marcus/Documents/workspaces/ws_arduino/Arduino_Mac_Template/lib/arduino/libcore.a(wiring.c.o)
 .data          0x00800102        0x0 /Users/may-marcus/Documents/workspaces/ws_arduino/Arduino_Mac_Template/lib/arduino/libcore.a(wiring_digital.c.o)
 .data          0x00800102        0x0 /Users/may-marcus/Documents/workspaces/ws_arduino/Arduino_Mac_Template/lib/arduino/libcore.a(pins_arduino.c.o)
 .data          0x00800102        0x0 /usr/local/CrossPack-AVR-20100115/lib/gcc/avr/4.3.3/avr5/libgcc.a(_exit.o)
 .data          0x00800102        0x0 /usr/local/CrossPack-AVR-20100115/lib/gcc/avr/4.3.3/avr5/libgcc.a(_copy_data.o)
 .data          0x00800102        0x0 /usr/local/CrossPack-AVR-20100115/lib/gcc/avr/4.3.3/avr5/libgcc.a(_clear_bss.o)
 *(.data*)
 *(.rodata)
 *(.rodata*)
 *(.gnu.linkonce.d*)
                0x00800102                . = ALIGN (0x2)
                0x00800102                _edata = .
                0x00800102                PROVIDE (__data_end, .)

.bss            0x00800102        0x9
                0x00800102                PROVIDE (__bss_start, .)
 *(.bss)
 .bss           0x00800102        0x0 /usr/local/CrossPack-AVR-20100115/lib/gcc/avr/4.3.3/../../../../avr/lib/avr5/crtm168.o
 .bss           0x00800102        0x0 ./main.o
 .bss           0x00800102        0x0 /Users/may-marcus/Documents/workspaces/ws_arduino/Arduino_Mac_Template/lib/arduino/libcore.a(wiring.c.o)
 .bss           0x00800102        0x0 /Users/may-marcus/Documents/workspaces/ws_arduino/Arduino_Mac_Template/lib/arduino/libcore.a(wiring_digital.c.o)
 .bss           0x00800102        0x0 /Users/may-marcus/Documents/workspaces/ws_arduino/Arduino_Mac_Template/lib/arduino/libcore.a(pins_arduino.c.o)
 .bss           0x00800102        0x0 /usr/local/CrossPack-AVR-20100115/lib/gcc/avr/4.3.3/avr5/libgcc.a(_exit.o)
 .bss           0x00800102        0x0 /usr/local/CrossPack-AVR-20100115/lib/gcc/avr/4.3.3/avr5/libgcc.a(_copy_data.o)
 .bss           0x00800102        0x0 /usr/local/CrossPack-AVR-20100115/lib/gcc/avr/4.3.3/avr5/libgcc.a(_clear_bss.o)
 *(.bss*)
 .bss.timer0_overflow_count
                0x00800102        0x4 /Users/may-marcus/Documents/workspaces/ws_arduino/Arduino_Mac_Template/lib/arduino/libcore.a(wiring.c.o)
                0x00800102                timer0_overflow_count
 .bss.timer0_millis
                0x00800106        0x4 /Users/may-marcus/Documents/workspaces/ws_arduino/Arduino_Mac_Template/lib/arduino/libcore.a(wiring.c.o)
                0x00800106                timer0_millis
 .bss.timer0_fract
                0x0080010a        0x1 /Users/may-marcus/Documents/workspaces/ws_arduino/Arduino_Mac_Template/lib/arduino/libcore.a(wiring.c.o)
 *(COMMON)
                0x0080010b                PROVIDE (__bss_end, .)
                0x000004d2                __data_load_start = LOADADDR (.data)
                0x000004d4                __data_load_end = (__data_load_start + SIZEOF (.data))

.noinit         0x0080010b        0x0
                0x0080010b                PROVIDE (__noinit_start, .)
 *(.noinit*)
                0x0080010b                PROVIDE (__noinit_end, .)
                0x0080010b                _end = .
                0x0080010b                PROVIDE (__heap_start, .)

.eeprom         0x00810000        0x0
 *(.eeprom*)
                0x00810000                __eeprom_end = .

.fuse
 *(.fuse)
 *(.lfuse)
 *(.hfuse)
 *(.efuse)

.lock
 *(.lock*)

.signature
 *(.signature*)

.stab           0x00000000      0xb4c
 *(.stab)
 .stab          0x00000000      0x6b4 /usr/local/CrossPack-AVR-20100115/lib/gcc/avr/4.3.3/../../../../avr/lib/avr5/crtm168.o
 .stab          0x000006b4      0x498 ./main.o
                                0x4a4 (size before relaxing)

.stabstr        0x00000000      0xa0b
 *(.stabstr)
 .stabstr       0x00000000      0xa0b /usr/local/CrossPack-AVR-20100115/lib/gcc/avr/4.3.3/../../../../avr/lib/avr5/crtm168.o

.stab.excl
 *(.stab.excl)

.stab.exclstr
 *(.stab.exclstr)

.stab.index
 *(.stab.index)

.stab.indexstr
 *(.stab.indexstr)

.comment
 *(.comment)

.debug
 *(.debug)

.line
 *(.line)

.debug_srcinfo
 *(.debug_srcinfo)

.debug_sfnames
 *(.debug_sfnames)

.debug_aranges  0x00000000       0x78
 *(.debug_aranges)
 .debug_aranges
                0x00000000       0x48 /Users/may-marcus/Documents/workspaces/ws_arduino/Arduino_Mac_Template/lib/arduino/libcore.a(wiring.c.o)
 .debug_aranges
                0x00000048       0x30 /Users/may-marcus/Documents/workspaces/ws_arduino/Arduino_Mac_Template/lib/arduino/libcore.a(wiring_digital.c.o)

.debug_pubnames
                0x00000000      0x179
 *(.debug_pubnames)
 .debug_pubnames
                0x00000000       0x8d /Users/may-marcus/Documents/workspaces/ws_arduino/Arduino_Mac_Template/lib/arduino/libcore.a(wiring.c.o)
 .debug_pubnames
                0x0000008d       0x3f /Users/may-marcus/Documents/workspaces/ws_arduino/Arduino_Mac_Template/lib/arduino/libcore.a(wiring_digital.c.o)
 .debug_pubnames
                0x000000cc       0xad /Users/may-marcus/Documents/workspaces/ws_arduino/Arduino_Mac_Template/lib/arduino/libcore.a(pins_arduino.c.o)

.debug_info     0x00000000      0x799
 *(.debug_info)
 .debug_info    0x00000000      0x24d /Users/may-marcus/Documents/workspaces/ws_arduino/Arduino_Mac_Template/lib/arduino/libcore.a(wiring.c.o)
 .debug_info    0x0000024d      0x41c /Users/may-marcus/Documents/workspaces/ws_arduino/Arduino_Mac_Template/lib/arduino/libcore.a(wiring_digital.c.o)
 .debug_info    0x00000669      0x130 /Users/may-marcus/Documents/workspaces/ws_arduino/Arduino_Mac_Template/lib/arduino/libcore.a(pins_arduino.c.o)
 *(.gnu.linkonce.wi.*)

.debug_abbrev   0x00000000      0x31c
 *(.debug_abbrev)
 .debug_abbrev  0x00000000      0x15f /Users/may-marcus/Documents/workspaces/ws_arduino/Arduino_Mac_Template/lib/arduino/libcore.a(wiring.c.o)
 .debug_abbrev  0x0000015f      0x155 /Users/may-marcus/Documents/workspaces/ws_arduino/Arduino_Mac_Template/lib/arduino/libcore.a(wiring_digital.c.o)
 .debug_abbrev  0x000002b4       0x68 /Users/may-marcus/Documents/workspaces/ws_arduino/Arduino_Mac_Template/lib/arduino/libcore.a(pins_arduino.c.o)

.debug_line     0x00000000      0x6fa
 *(.debug_line)
 .debug_line    0x00000000      0x34c /Users/may-marcus/Documents/workspaces/ws_arduino/Arduino_Mac_Template/lib/arduino/libcore.a(wiring.c.o)
 .debug_line    0x0000034c      0x282 /Users/may-marcus/Documents/workspaces/ws_arduino/Arduino_Mac_Template/lib/arduino/libcore.a(wiring_digital.c.o)
 .debug_line    0x000005ce      0x12c /Users/may-marcus/Documents/workspaces/ws_arduino/Arduino_Mac_Template/lib/arduino/libcore.a(pins_arduino.c.o)

.debug_frame    0x00000000       0xb0
 *(.debug_frame)
 .debug_frame   0x00000000       0x70 /Users/may-marcus/Documents/workspaces/ws_arduino/Arduino_Mac_Template/lib/arduino/libcore.a(wiring.c.o)
 .debug_frame   0x00000070       0x40 /Users/may-marcus/Documents/workspaces/ws_arduino/Arduino_Mac_Template/lib/arduino/libcore.a(wiring_digital.c.o)

.debug_str      0x00000000      0x2b5
 *(.debug_str)
 .debug_str     0x00000000      0x113 /Users/may-marcus/Documents/workspaces/ws_arduino/Arduino_Mac_Template/lib/arduino/libcore.a(wiring.c.o)
                                0x153 (size before relaxing)
 .debug_str     0x00000113      0x13f /Users/may-marcus/Documents/workspaces/ws_arduino/Arduino_Mac_Template/lib/arduino/libcore.a(wiring_digital.c.o)
                                0x1bf (size before relaxing)
 .debug_str     0x00000252       0x63 /Users/may-marcus/Documents/workspaces/ws_arduino/Arduino_Mac_Template/lib/arduino/libcore.a(pins_arduino.c.o)
                                0x16f (size before relaxing)

.debug_loc      0x00000000      0x1d7
 *(.debug_loc)
 .debug_loc     0x00000000      0x10e /Users/may-marcus/Documents/workspaces/ws_arduino/Arduino_Mac_Template/lib/arduino/libcore.a(wiring.c.o)
 .debug_loc     0x0000010e       0xc9 /Users/may-marcus/Documents/workspaces/ws_arduino/Arduino_Mac_Template/lib/arduino/libcore.a(wiring_digital.c.o)

.debug_macinfo
 *(.debug_macinfo)
OUTPUT(Arduino_Mac_Template.elf elf32-avr)
LOAD linker stubs

.debug_ranges   0x00000000       0x68
 .debug_ranges  0x00000000       0x40 /Users/may-marcus/Documents/workspaces/ws_arduino/Arduino_Mac_Template/lib/arduino/libcore.a(wiring.c.o)
 .debug_ranges  0x00000040       0x28 /Users/may-marcus/Documents/workspaces/ws_arduino/Arduino_Mac_Template/lib/arduino/libcore.a(wiring_digital.c.o)

Cross Reference Table

Symbol                                            File
__bad_interrupt                                   /usr/local/CrossPack-AVR-20100115/lib/gcc/avr/4.3.3/../../../../avr/lib/avr5/crtm168.o
__bss_end                                         /usr/local/CrossPack-AVR-20100115/lib/gcc/avr/4.3.3/avr5/libgcc.a(_clear_bss.o)
__bss_start                                       /usr/local/CrossPack-AVR-20100115/lib/gcc/avr/4.3.3/avr5/libgcc.a(_clear_bss.o)
__cxa_pure_virtual                                ./main.o
__data_end                                        /usr/local/CrossPack-AVR-20100115/lib/gcc/avr/4.3.3/avr5/libgcc.a(_copy_data.o)
__data_load_start                                 /usr/local/CrossPack-AVR-20100115/lib/gcc/avr/4.3.3/avr5/libgcc.a(_copy_data.o)
__data_start                                      /usr/local/CrossPack-AVR-20100115/lib/gcc/avr/4.3.3/avr5/libgcc.a(_copy_data.o)
__do_clear_bss                                    /usr/local/CrossPack-AVR-20100115/lib/gcc/avr/4.3.3/avr5/libgcc.a(_clear_bss.o)
                                                  /Users/may-marcus/Documents/workspaces/ws_arduino/Arduino_Mac_Template/lib/arduino/libcore.a(pins_arduino.c.o)
                                                  /Users/may-marcus/Documents/workspaces/ws_arduino/Arduino_Mac_Template/lib/arduino/libcore.a(wiring_digital.c.o)
                                                  /Users/may-marcus/Documents/workspaces/ws_arduino/Arduino_Mac_Template/lib/arduino/libcore.a(wiring.c.o)
__do_copy_data                                    /usr/local/CrossPack-AVR-20100115/lib/gcc/avr/4.3.3/avr5/libgcc.a(_copy_data.o)
                                                  /Users/may-marcus/Documents/workspaces/ws_arduino/Arduino_Mac_Template/lib/arduino/libcore.a(pins_arduino.c.o)
                                                  /Users/may-marcus/Documents/workspaces/ws_arduino/Arduino_Mac_Template/lib/arduino/libcore.a(wiring_digital.c.o)
                                                  /Users/may-marcus/Documents/workspaces/ws_arduino/Arduino_Mac_Template/lib/arduino/libcore.a(wiring.c.o)
                                                  ./main.o
__heap_end                                        /usr/local/CrossPack-AVR-20100115/lib/gcc/avr/4.3.3/../../../../avr/lib/avr5/crtm168.o
__init                                            /usr/local/CrossPack-AVR-20100115/lib/gcc/avr/4.3.3/../../../../avr/lib/avr5/crtm168.o
__stack                                           /usr/local/CrossPack-AVR-20100115/lib/gcc/avr/4.3.3/../../../../avr/lib/avr5/crtm168.o
__vector_1                                        /usr/local/CrossPack-AVR-20100115/lib/gcc/avr/4.3.3/../../../../avr/lib/avr5/crtm168.o
__vector_10                                       /usr/local/CrossPack-AVR-20100115/lib/gcc/avr/4.3.3/../../../../avr/lib/avr5/crtm168.o
__vector_11                                       /usr/local/CrossPack-AVR-20100115/lib/gcc/avr/4.3.3/../../../../avr/lib/avr5/crtm168.o
__vector_12                                       /usr/local/CrossPack-AVR-20100115/lib/gcc/avr/4.3.3/../../../../avr/lib/avr5/crtm168.o
__vector_13                                       /usr/local/CrossPack-AVR-20100115/lib/gcc/avr/4.3.3/../../../../avr/lib/avr5/crtm168.o
__vector_14                                       /usr/local/CrossPack-AVR-20100115/lib/gcc/avr/4.3.3/../../../../avr/lib/avr5/crtm168.o
__vector_15                                       /usr/local/CrossPack-AVR-20100115/lib/gcc/avr/4.3.3/../../../../avr/lib/avr5/crtm168.o
__vector_16                                       /Users/may-marcus/Documents/workspaces/ws_arduino/Arduino_Mac_Template/lib/arduino/libcore.a(wiring.c.o)
                                                  /usr/local/CrossPack-AVR-20100115/lib/gcc/avr/4.3.3/../../../../avr/lib/avr5/crtm168.o
__vector_17                                       /usr/local/CrossPack-AVR-20100115/lib/gcc/avr/4.3.3/../../../../avr/lib/avr5/crtm168.o
__vector_18                                       /usr/local/CrossPack-AVR-20100115/lib/gcc/avr/4.3.3/../../../../avr/lib/avr5/crtm168.o
__vector_19                                       /usr/local/CrossPack-AVR-20100115/lib/gcc/avr/4.3.3/../../../../avr/lib/avr5/crtm168.o
__vector_2                                        /usr/local/CrossPack-AVR-20100115/lib/gcc/avr/4.3.3/../../../../avr/lib/avr5/crtm168.o
__vector_20                                       /usr/local/CrossPack-AVR-20100115/lib/gcc/avr/4.3.3/../../../../avr/lib/avr5/crtm168.o
__vector_21                                       /usr/local/CrossPack-AVR-20100115/lib/gcc/avr/4.3.3/../../../../avr/lib/avr5/crtm168.o
__vector_22                                       /usr/local/CrossPack-AVR-20100115/lib/gcc/avr/4.3.3/../../../../avr/lib/avr5/crtm168.o
__vector_23                                       /usr/local/CrossPack-AVR-20100115/lib/gcc/avr/4.3.3/../../../../avr/lib/avr5/crtm168.o
__vector_24                                       /usr/local/CrossPack-AVR-20100115/lib/gcc/avr/4.3.3/../../../../avr/lib/avr5/crtm168.o
__vector_25                                       /usr/local/CrossPack-AVR-20100115/lib/gcc/avr/4.3.3/../../../../avr/lib/avr5/crtm168.o
__vector_3                                        /usr/local/CrossPack-AVR-20100115/lib/gcc/avr/4.3.3/../../../../avr/lib/avr5/crtm168.o
__vector_4                                        /usr/local/CrossPack-AVR-20100115/lib/gcc/avr/4.3.3/../../../../avr/lib/avr5/crtm168.o
__vector_5                                        /usr/local/CrossPack-AVR-20100115/lib/gcc/avr/4.3.3/../../../../avr/lib/avr5/crtm168.o
__vector_6                                        /usr/local/CrossPack-AVR-20100115/lib/gcc/avr/4.3.3/../../../../avr/lib/avr5/crtm168.o
__vector_7                                        /usr/local/CrossPack-AVR-20100115/lib/gcc/avr/4.3.3/../../../../avr/lib/avr5/crtm168.o
__vector_8                                        /usr/local/CrossPack-AVR-20100115/lib/gcc/avr/4.3.3/../../../../avr/lib/avr5/crtm168.o
__vector_9                                        /usr/local/CrossPack-AVR-20100115/lib/gcc/avr/4.3.3/../../../../avr/lib/avr5/crtm168.o
__vector_default                                  /usr/local/CrossPack-AVR-20100115/lib/gcc/avr/4.3.3/../../../../avr/lib/avr5/crtm168.o
__vectors                                         /usr/local/CrossPack-AVR-20100115/lib/gcc/avr/4.3.3/../../../../avr/lib/avr5/crtm168.o
_exit                                             /usr/local/CrossPack-AVR-20100115/lib/gcc/avr/4.3.3/avr5/libgcc.a(_exit.o)
delay                                             /Users/may-marcus/Documents/workspaces/ws_arduino/Arduino_Mac_Template/lib/arduino/libcore.a(wiring.c.o)
                                                  ./main.o
delayMicroseconds                                 /Users/may-marcus/Documents/workspaces/ws_arduino/Arduino_Mac_Template/lib/arduino/libcore.a(wiring.c.o)
digitalRead                                       /Users/may-marcus/Documents/workspaces/ws_arduino/Arduino_Mac_Template/lib/arduino/libcore.a(wiring_digital.c.o)
digitalWrite                                      /Users/may-marcus/Documents/workspaces/ws_arduino/Arduino_Mac_Template/lib/arduino/libcore.a(wiring_digital.c.o)
                                                  ./main.o
digital_pin_to_bit_mask_PGM                       /Users/may-marcus/Documents/workspaces/ws_arduino/Arduino_Mac_Template/lib/arduino/libcore.a(pins_arduino.c.o)
                                                  /Users/may-marcus/Documents/workspaces/ws_arduino/Arduino_Mac_Template/lib/arduino/libcore.a(wiring_digital.c.o)
digital_pin_to_port_PGM                           /Users/may-marcus/Documents/workspaces/ws_arduino/Arduino_Mac_Template/lib/arduino/libcore.a(pins_arduino.c.o)
                                                  /Users/may-marcus/Documents/workspaces/ws_arduino/Arduino_Mac_Template/lib/arduino/libcore.a(wiring_digital.c.o)
digital_pin_to_timer_PGM                          /Users/may-marcus/Documents/workspaces/ws_arduino/Arduino_Mac_Template/lib/arduino/libcore.a(pins_arduino.c.o)
                                                  /Users/may-marcus/Documents/workspaces/ws_arduino/Arduino_Mac_Template/lib/arduino/libcore.a(wiring_digital.c.o)
exit                                              /usr/local/CrossPack-AVR-20100115/lib/gcc/avr/4.3.3/avr5/libgcc.a(_exit.o)
                                                  /usr/local/CrossPack-AVR-20100115/lib/gcc/avr/4.3.3/../../../../avr/lib/avr5/crtm168.o
init                                              /Users/may-marcus/Documents/workspaces/ws_arduino/Arduino_Mac_Template/lib/arduino/libcore.a(wiring.c.o)
                                                  ./main.o
ledPin                                            ./main.o
loop                                              ./main.o
main                                              ./main.o
                                                  /usr/local/CrossPack-AVR-20100115/lib/gcc/avr/4.3.3/../../../../avr/lib/avr5/crtm168.o
micros                                            /Users/may-marcus/Documents/workspaces/ws_arduino/Arduino_Mac_Template/lib/arduino/libcore.a(wiring.c.o)
millis                                            /Users/may-marcus/Documents/workspaces/ws_arduino/Arduino_Mac_Template/lib/arduino/libcore.a(wiring.c.o)
pinMode                                           /Users/may-marcus/Documents/workspaces/ws_arduino/Arduino_Mac_Template/lib/arduino/libcore.a(wiring_digital.c.o)
                                                  ./main.o
port_to_input_PGM                                 /Users/may-marcus/Documents/workspaces/ws_arduino/Arduino_Mac_Template/lib/arduino/libcore.a(pins_arduino.c.o)
                                                  /Users/may-marcus/Documents/workspaces/ws_arduino/Arduino_Mac_Template/lib/arduino/libcore.a(wiring_digital.c.o)
port_to_mode_PGM                                  /Users/may-marcus/Documents/workspaces/ws_arduino/Arduino_Mac_Template/lib/arduino/libcore.a(pins_arduino.c.o)
                                                  /Users/may-marcus/Documents/workspaces/ws_arduino/Arduino_Mac_Template/lib/arduino/libcore.a(wiring_digital.c.o)
port_to_output_PGM                                /Users/may-marcus/Documents/workspaces/ws_arduino/Arduino_Mac_Template/lib/arduino/libcore.a(pins_arduino.c.o)
                                                  /Users/may-marcus/Documents/workspaces/ws_arduino/Arduino_Mac_Template/lib/arduino/libcore.a(wiring_digital.c.o)
setup                                             ./main.o
timer0_millis                                     /Users/may-marcus/Documents/workspaces/ws_arduino/Arduino_Mac_Template/lib/arduino/libcore.a(wiring.c.o)
timer0_overflow_count                             /Users/may-marcus/Documents/workspaces/ws_arduino/Arduino_Mac_Template/lib/arduino/libcore.a(wiring.c.o)
